// Jest Snapshot v1, https://goo.gl/fbAQLP

exports[`index-bar demo test index-bar demo: index.md renders correctly 1`] = `
<DocumentFragment>
  <div
    class="arco-tabs arco-tabs-top arco-tabs-vertical all-border-box"
  >
    <div
      class="arco-tab-cell-container-wrap vertical type-line pc"
    >
      <div
        class="arco-tab-cell-container-inner vertical pos-top type-line has-divider pc"
      >
        <div
          class="arco-tab-cell-container vertical pos-top arrange-center type-line shown"
        >
          <div
            class="arco-tab-cell vertical line pc active no-shrink"
          >
            基础样式
          </div>
          <div
            class="arco-tab-cell vertical line pc no-shrink last"
          >
            自定义
          </div>
          <div
            class="arco-tab-cell-underline"
            style="transition-duration: 0ms; transform: translateX(0px) translateZ(0);"
          >
            <div
              class="arco-tab-cell-underline-inner vertical"
            />
          </div>
        </div>
      </div>
    </div>
    <div
      class="arco-tab-pane-container vertical mode-swipe"
      style="width: 200%; transform: translateX(0px) translateZ(0); transition-duration: 0ms;"
    >
      <div
        class="arco-tab-pane mode-swipe"
      >
        <div
          class="arco-index-bar custom-index-bar-height"
        >
          <div
            class="arco-index-bar-container"
          >
            <div
              class="arco-index-bar-group"
              data-index="A"
            >
              <div>
                <div
                  style="height: 0px;"
                />
                <div
                  class="arco-sticky"
                >
                  <div
                    class="arco-index-bar-group-title arco-index-bar-group-active"
                  >
                    A
                  </div>
                </div>
              </div>
              <div
                class="arco-index-bar-group-item"
              >
                鞍山
              </div>
              <div
                class="arco-index-bar-group-item"
              >
                安庆
              </div>
              <div
                class="arco-index-bar-group-item"
              >
                安阳
              </div>
              <div
                class="arco-index-bar-group-item"
              >
                安康
              </div>
            </div>
            <div
              class="arco-index-bar-group"
              data-index="B"
            >
              <div>
                <div
                  style="height: 0px;"
                />
                <div
                  class="arco-sticky"
                >
                  <div
                    class="arco-index-bar-group-title"
                  >
                    B
                  </div>
                </div>
              </div>
              <div
                class="arco-index-bar-group-item"
              >
                北京
              </div>
              <div
                class="arco-index-bar-group-item"
              >
                保定
              </div>
              <div
                class="arco-index-bar-group-item"
              >
                包头
              </div>
              <div
                class="arco-index-bar-group-item"
              >
                蚌埠
              </div>
            </div>
            <div
              class="arco-index-bar-group"
              data-index="C"
            >
              <div>
                <div
                  style="height: 0px;"
                />
                <div
                  class="arco-sticky"
                >
                  <div
                    class="arco-index-bar-group-title"
                  >
                    C
                  </div>
                </div>
              </div>
              <div
                class="arco-index-bar-group-item"
              >
                成都
              </div>
              <div
                class="arco-index-bar-group-item"
              >
                重庆
              </div>
              <div
                class="arco-index-bar-group-item"
              >
                朝阳
              </div>
              <div
                class="arco-index-bar-group-item"
              >
                长春
              </div>
            </div>
            <div
              class="arco-index-bar-group"
              data-index="D"
            >
              <div>
                <div
                  style="height: 0px;"
                />
                <div
                  class="arco-sticky"
                >
                  <div
                    class="arco-index-bar-group-title"
                  >
                    D
                  </div>
                </div>
              </div>
              <div
                class="arco-index-bar-group-item"
              >
                大成
              </div>
              <div
                class="arco-index-bar-group-item"
              >
                大拟
              </div>
              <div
                class="arco-index-bar-group-item"
              >
                丹东
              </div>
              <div
                class="arco-index-bar-group-item"
              >
                定边
              </div>
            </div>
            <div
              class="arco-index-bar-group"
              data-index="E"
            >
              <div>
                <div
                  style="height: 0px;"
                />
                <div
                  class="arco-sticky"
                >
                  <div
                    class="arco-index-bar-group-title"
                  >
                    E
                  </div>
                </div>
              </div>
              <div
                class="arco-index-bar-group-item"
              >
                鄂尔多斯
              </div>
              <div
                class="arco-index-bar-group-item"
              >
                二道湾
              </div>
              <div
                class="arco-index-bar-group-item"
              >
                二龙
              </div>
              <div
                class="arco-index-bar-group-item"
              >
                峨眉
              </div>
            </div>
            <div
              class="arco-index-bar-group"
              data-index="F"
            >
              <div>
                <div
                  style="height: 0px;"
                />
                <div
                  class="arco-sticky"
                >
                  <div
                    class="arco-index-bar-group-title"
                  >
                    F
                  </div>
                </div>
              </div>
              <div
                class="arco-index-bar-group-item"
              >
                福州
              </div>
              <div
                class="arco-index-bar-group-item"
              >
                奉化
              </div>
              <div
                class="arco-index-bar-group-item"
              >
                福海
              </div>
              <div
                class="arco-index-bar-group-item"
              >
                肥东
              </div>
            </div>
            <div
              class="arco-index-bar-group"
              data-index="G"
            >
              <div>
                <div
                  style="height: 0px;"
                />
                <div
                  class="arco-sticky"
                >
                  <div
                    class="arco-index-bar-group-title"
                  >
                    G
                  </div>
                </div>
              </div>
              <div
                class="arco-index-bar-group-item"
              >
                广州
              </div>
              <div
                class="arco-index-bar-group-item"
              >
                贵阳
              </div>
              <div
                class="arco-index-bar-group-item"
              >
                广安
              </div>
              <div
                class="arco-index-bar-group-item"
              >
                广州南
              </div>
            </div>
          </div>
          <div
            class="arco-index-bar-sidebar"
          >
            <div
              class="arco-index-bar-sidebar-item arco-index-bar-sidebar-active"
              data-index="A"
            >
              <div
                class="arco-index-bar-sidebar-item-wrapper"
              >
                A
              </div>
            </div>
            <div
              class="arco-index-bar-sidebar-item"
              data-index="B"
            >
              <div
                class="arco-index-bar-sidebar-item-wrapper"
              >
                B
              </div>
            </div>
            <div
              class="arco-index-bar-sidebar-item"
              data-index="C"
            >
              <div
                class="arco-index-bar-sidebar-item-wrapper"
              >
                C
              </div>
            </div>
            <div
              class="arco-index-bar-sidebar-item"
              data-index="D"
            >
              <div
                class="arco-index-bar-sidebar-item-wrapper"
              >
                D
              </div>
            </div>
            <div
              class="arco-index-bar-sidebar-item"
              data-index="E"
            >
              <div
                class="arco-index-bar-sidebar-item-wrapper"
              >
                E
              </div>
            </div>
            <div
              class="arco-index-bar-sidebar-item"
              data-index="F"
            >
              <div
                class="arco-index-bar-sidebar-item-wrapper"
              >
                F
              </div>
            </div>
            <div
              class="arco-index-bar-sidebar-item"
              data-index="G"
            >
              <div
                class="arco-index-bar-sidebar-item-wrapper"
              >
                G
              </div>
            </div>
          </div>
        </div>
      </div>
      <div
        class="arco-tab-pane mode-swipe"
      />
    </div>
  </div>
</DocumentFragment>
`;
