// Jest Snapshot v1, https://goo.gl/fbAQLP

exports[`circle-progress demo test circle-progress demo: clockwise.md renders correctly 1`] = `
<div
  class="arco-circle-progress"
  style="width:68px;height:68px"
>
  <svg
    style="transform:rotateY(180deg) rotateZ(-90deg);-webkit-transform:rotateY(180deg) rotateZ(-90deg)"
    viewBox="0 0 68 68"
  >
    <circle
      class="track-color"
      cx="34"
      cy="34"
      fill="none"
      r="30"
      stroke-width="2"
    />
    <circle
      class="color"
      cx="34"
      cy="34"
      fill="none"
      r="30"
      stroke-dasharray="188.49555921538757"
      stroke-dashoffset="188.49555921538757"
      stroke-linecap="round"
      stroke-width="4"
      style="transition:;-webkit-transition:"
    />
  </svg>
  <div
    class="arco-circle-progress-text color arco-circle-progress-text-center"
  >
    0%
  </div>
</div>
`;

exports[`circle-progress demo test circle-progress demo: custom.md renders correctly 1`] = `
Array [
  <div
    class="arco-circle-progress circle-progress-demo-custom"
    style="width:68px;height:68px"
  >
    <svg
      style="transform:rotateY(0deg) rotateZ(-90deg);-webkit-transform:rotateY(0deg) rotateZ(-90deg)"
      viewBox="0 0 68 68"
    >
      <circle
        class="track-color"
        cx="34"
        cy="34"
        fill="none"
        r="30"
        stroke-width="2"
      />
      <circle
        class="color"
        cx="34"
        cy="34"
        fill="none"
        r="30"
        stroke-dasharray="188.49555921538757"
        stroke-dashoffset="188.49555921538757"
        stroke-linecap="round"
        stroke-width="4"
        style="transition:;-webkit-transition:;stroke:#FF5722"
      />
    </svg>
    <div
      class="arco-circle-progress-text color arco-circle-progress-text-center"
      style="color:#FF5722"
    >
      0%
    </div>
  </div>,
  <div
    class="arco-circle-progress circle-progress-demo-custom"
    style="width:68px;height:68px"
  >
    <svg
      style="transform:rotateY(0deg) rotateZ(-90deg);-webkit-transform:rotateY(0deg) rotateZ(-90deg)"
      viewBox="0 0 68 68"
    >
      <circle
        class="track-color"
        cx="34"
        cy="34"
        fill="none"
        r="30"
        stroke-width="2"
      />
      <defs>
        <linearGradient
          id="-grad-circle-progress"
          x1="0%"
          x2="0%"
          y1="0%"
          y2="100%"
        >
          <stop
            class="linear-gradient-end"
            offset="0%"
            style="stop-color:#4776E6"
          />
          <stop
            class="linear-gradient-start"
            offset="100%"
            style="stop-color:#14CAFF"
          />
        </linearGradient>
      </defs>
      <circle
        class=""
        cx="34"
        cy="34"
        fill="none"
        r="30"
        stroke="url(#-grad-circle-progress)"
        stroke-dasharray="188.49555921538757"
        stroke-dashoffset="188.49555921538757"
        stroke-linecap="round"
        stroke-width="4"
        style="transition:;-webkit-transition:"
      />
    </svg>
    <div
      class="arco-circle-progress-text linear-gradient-text arco-circle-progress-text-center"
    >
      0%
    </div>
  </div>,
]
`;

exports[`circle-progress demo test circle-progress demo: index.md renders correctly 1`] = `
<div
  class="arco-circle-progress"
  style="width:68px;height:68px"
>
  <svg
    style="transform:rotateY(0deg) rotateZ(-90deg);-webkit-transform:rotateY(0deg) rotateZ(-90deg)"
    viewBox="0 0 68 68"
  >
    <circle
      class="track-color"
      cx="34"
      cy="34"
      fill="none"
      r="30"
      stroke-width="2"
    />
    <circle
      class="color"
      cx="34"
      cy="34"
      fill="none"
      r="30"
      stroke-dasharray="188.49555921538757"
      stroke-dashoffset="188.49555921538757"
      stroke-linecap="round"
      stroke-width="4"
      style="transition:;-webkit-transition:"
    />
  </svg>
  <div
    class="arco-circle-progress-text color arco-circle-progress-text-center"
  >
    0%
  </div>
</div>
`;

exports[`circle-progress demo test circle-progress demo: micro.md renders correctly 1`] = `
<div
  class="arco-circle-progress"
  style="width:26px;height:26px"
>
  <svg
    style="transform:rotateY(0deg) rotateZ(-90deg);-webkit-transform:rotateY(0deg) rotateZ(-90deg)"
    viewBox="0 0 26 26"
  >
    <circle
      class="mini"
      cx="13"
      cy="13"
      fill="none"
      r="9"
      stroke-width="4"
    />
    <circle
      class="color"
      cx="13"
      cy="13"
      fill="none"
      r="9"
      stroke-dasharray="56.548667764616276"
      stroke-dashoffset="56.548667764616276"
      stroke-linecap="square"
      stroke-width="4"
      style="transition:;-webkit-transition:"
    />
  </svg>
</div>
`;

exports[`circle-progress demo test circle-progress demo: size.md renders correctly 1`] = `
<div
  class="arco-circle-progress"
  style="width:82px;height:82px"
>
  <svg
    style="transform:rotateY(0deg) rotateZ(-90deg);-webkit-transform:rotateY(0deg) rotateZ(-90deg)"
    viewBox="0 0 82 82"
  >
    <circle
      class="track-color"
      cx="41"
      cy="41"
      fill="none"
      r="37"
      stroke-width="2"
    />
    <circle
      class="color"
      cx="41"
      cy="41"
      fill="none"
      r="37"
      stroke-dasharray="232.4778563656447"
      stroke-dashoffset="232.4778563656447"
      stroke-linecap="round"
      stroke-width="4"
      style="transition:;-webkit-transition:"
    />
  </svg>
  <div
    class="arco-circle-progress-text color arco-circle-progress-text-center"
  >
    0%
  </div>
</div>
`;

exports[`circle-progress demo test circle-progress demo: width.md renders correctly 1`] = `
<div
  class="arco-circle-progress"
  style="width:72px;height:72px"
>
  <svg
    style="transform:rotateY(0deg) rotateZ(-90deg);-webkit-transform:rotateY(0deg) rotateZ(-90deg)"
    viewBox="0 0 72 72"
  >
    <circle
      class="track-color"
      cx="36"
      cy="36"
      fill="none"
      r="30"
      stroke-width="4"
    />
    <circle
      class="color"
      cx="36"
      cy="36"
      fill="none"
      r="30"
      stroke-dasharray="188.49555921538757"
      stroke-dashoffset="188.49555921538757"
      stroke-linecap="round"
      stroke-width="6"
      style="transition:;-webkit-transition:"
    />
  </svg>
  <div
    class="arco-circle-progress-text color arco-circle-progress-text-center"
  >
    0%
  </div>
</div>
`;
