// Jest Snapshot v1, https://goo.gl/fbAQLP

exports[` 1`] = `
<div>
  <div
    class="arco-notify arco-notify-info "
    style="height: 0px;"
  >
    <div
      class="arco-notify-content arco-notify-content-transition-Y0"
    >
      Hello, world!
    </div>
  </div>
</div>
`;
