// Jest Snapshot v1, https://goo.gl/fbAQLP

exports[`tab-bar demo test tab-bar demo: basic.md renders correctly 1`] = `
<DocumentFragment>
  <div
    class="arco-tab-bar"
  >
    <div
      class="arco-tab-bar-item arco-tab-bar-item-active"
    >
      <div
        class="arco-extra-wrap"
      >
        <div
          class="arco-tab-bar-item-icon"
        >
          <svg
            class="arco-icon arco-icon-home "
            height="1em"
            viewBox="0 0 1024 1024"
            width="1em"
            xmlns="http://www.w3.org/2000/svg"
          >
            <path
              d="M128 938.667A42.667 42.667 0 0185.333 896V384a42.667 42.667 0 0118.987-35.477l383.21-256a42.667 42.667 0 0147.34-.043l384.767 256a42.667 42.667 0 0119.03 35.52v512A42.667 42.667 0 01896 938.667H128zm341.333-21.334a21.333 21.333 0 01-20.97 21.334l127.274-.022-2.133-.128a21.333 21.333 0 01-18.837-21.184v-64h-85.334v64zm0-64.021l-21.333.021h21.333v-.021zm106.667.021l-21.333-.021v.021H576zm-64.725-674.048l-340.608 227.52v446.528H384v-256a42.667 42.667 0 0142.667-42.666h170.666A42.667 42.667 0 01640 597.333v256h213.333V406.87L511.275 179.285zM554.667 640h-85.334v213.312h85.334V640z"
              fill="currentColor"
            />
          </svg>
        </div>
      </div>
      <div
        class="arco-tab-bar-item-title"
      >
        Home
      </div>
    </div>
    <div
      class="arco-tab-bar-item"
    >
      <div
        class="arco-extra-wrap"
      >
        <div
          class="arco-tab-bar-item-icon"
        >
          <svg
            class="arco-icon arco-icon-user "
            height="1em"
            viewBox="0 0 1024 1024"
            width="1em"
            xmlns="http://www.w3.org/2000/svg"
          >
            <path
              d="M512 192a106.688 106.688 0 000 213.333A106.688 106.688 0 00512 192zM320 298.667a192 192 0 11384 0 192 192 0 01-384 0zM398.293 640C320.64 640 256 703.936 256 785.067v68.266h512v-68.266C768 703.936 703.36 640 625.707 640H398.293zM170.667 785.067c0-127.254 101.973-230.4 227.626-230.4h227.414c125.653 0 227.626 103.146 227.626 230.4v115.2c0 21.205-17.066 38.4-37.973 38.4H208.64c-20.907 0-37.973-17.195-37.973-38.4v-115.2z"
              fill="currentColor"
            />
          </svg>
        </div>
      </div>
      <div
        class="arco-tab-bar-item-title"
      >
        Mine
      </div>
    </div>
    <div
      class="arco-tab-bar-item"
    >
      <div
        class="arco-extra-wrap"
      >
        <div
          class="arco-tab-bar-item-icon"
        >
          <svg
            class="arco-icon arco-icon-notice "
            fill="currentColor"
            height="1em"
            viewBox="0 0 1024 1024"
            width="1em"
            xmlns="http://www.w3.org/2000/svg"
          >
            <defs />
            <path
              d="M618.667 853.333A21.333 21.333 0 01640 874.667v42.666a21.333 21.333 0 01-21.333 21.334H405.333A21.333 21.333 0 01384 917.333v-42.666a21.333 21.333 0 0121.333-21.334h213.334zM576 64a21.333 21.333 0 0121.333 21.333v32.427c147.222 39.125 256 177.067 256 341.248V704h64a21.333 21.333 0 0121.334 21.333V768a21.333 21.333 0 01-21.334 21.333H106.667A21.333 21.333 0 0185.333 768v-42.667A21.333 21.333 0 01106.667 704h64V459.008c0-164.181 108.8-302.123 256-341.248V85.333A21.333 21.333 0 01448 64h128zm-64 128c-141.376 0-256 119.595-256 267.136V704h512V459.136C768 311.595 653.376 192 512 192z"
            />
          </svg>
        </div>
      </div>
      <div
        class="arco-tab-bar-item-title"
      >
        Notice
      </div>
    </div>
    <div
      class="arco-tab-bar-item"
    >
      <div
        class="arco-extra-wrap"
      >
        <div
          class="arco-tab-bar-item-icon"
        >
          <svg
            class="arco-icon arco-icon-setting "
            fill="currentColor"
            height="1em"
            viewBox="0 0 1024 1024"
            width="1em"
            xmlns="http://www.w3.org/2000/svg"
          >
            <defs />
            <path
              d="M512 46.55c34.517 0 68.565 3.797 101.696 11.263l19.136 4.288L692.48 198.08l146.837-16.043 13.27 14.443a465.493 465.493 0 01101.802 176.939l5.76 18.602-11.456 15.723L872.747 512l87.402 119.979-5.76 18.602A465.493 465.493 0 01852.587 827.52l-13.27 14.443L692.48 825.92l-59.648 135.979-19.136 4.288c-33.13 7.466-67.2 11.264-101.696 11.264-34.517 0-68.587-3.798-101.717-11.264l-19.136-4.31-7.894-17.941L331.52 825.92l-146.837 16.043-13.27-14.443A465.493 465.493 0 0169.611 650.56l-5.76-18.603 11.456-15.722L151.253 512 63.851 392.043l5.76-18.603a465.493 465.493 0 01101.802-176.96l13.27-14.443L331.52 198.08l59.627-135.957 19.136-4.31c33.13-7.466 67.2-11.264 101.717-11.264zm0 77.567a387.58 387.58 0 00-65.792 5.611L398.421 238.72a63.488 63.488 0 01-65.066 37.61l-117.483-12.863a387.947 387.947 0 00-66.048 114.837l70.165 96.32c16.214 22.272 16.214 52.48 0 74.752l-70.186 96.32a387.947 387.947 0 0066.069 114.837l117.504-12.864a63.488 63.488 0 0165.045 37.632l47.787 108.971a387.393 387.393 0 0065.792 5.61 387.33 387.33 0 0065.77-5.61L625.58 785.28a63.488 63.488 0 0165.066-37.61l117.483 12.863a387.947 387.947 0 0066.048-114.816l-70.165-96.341a63.488 63.488 0 010-74.752l70.165-96.341a387.947 387.947 0 00-66.048-114.816L690.624 276.33a63.488 63.488 0 01-65.045-37.611l-47.787-108.992a386.325 386.325 0 00-65.792-5.61zm0 193.942c106.752 0 193.195 86.869 193.195 193.941S618.752 705.92 512 705.92 318.805 619.093 318.805 512 405.248 318.08 512 318.08zm0 77.568c-63.808 0-115.627 52.053-115.627 116.373 0 64.299 51.819 116.373 115.627 116.373S627.627 576.32 627.627 512c0-64.299-51.819-116.373-115.627-116.373z"
            />
          </svg>
        </div>
      </div>
      <div
        class="arco-tab-bar-item-title"
      >
        Settings
      </div>
    </div>
  </div>
</DocumentFragment>
`;

exports[`tab-bar demo test tab-bar demo: change.md renders correctly 1`] = `
<DocumentFragment>
  <div
    class="tab-bar-toast-content"
  >
    <div
      class="arco-tab-bar"
    >
      <div
        class="arco-tab-bar-item arco-tab-bar-item-active"
      >
        <div
          class="arco-extra-wrap"
        >
          <div
            class="arco-tab-bar-item-icon"
          >
            <svg
              class="arco-icon arco-icon-home "
              height="1em"
              viewBox="0 0 1024 1024"
              width="1em"
              xmlns="http://www.w3.org/2000/svg"
            >
              <path
                d="M128 938.667A42.667 42.667 0 0185.333 896V384a42.667 42.667 0 0118.987-35.477l383.21-256a42.667 42.667 0 0147.34-.043l384.767 256a42.667 42.667 0 0119.03 35.52v512A42.667 42.667 0 01896 938.667H128zm341.333-21.334a21.333 21.333 0 01-20.97 21.334l127.274-.022-2.133-.128a21.333 21.333 0 01-18.837-21.184v-64h-85.334v64zm0-64.021l-21.333.021h21.333v-.021zm106.667.021l-21.333-.021v.021H576zm-64.725-674.048l-340.608 227.52v446.528H384v-256a42.667 42.667 0 0142.667-42.666h170.666A42.667 42.667 0 01640 597.333v256h213.333V406.87L511.275 179.285zM554.667 640h-85.334v213.312h85.334V640z"
                fill="currentColor"
              />
            </svg>
          </div>
        </div>
        <div
          class="arco-tab-bar-item-title"
        >
          Home
        </div>
      </div>
      <div
        class="arco-tab-bar-item"
      >
        <div
          class="arco-extra-wrap"
        >
          <div
            class="arco-tab-bar-item-icon"
          >
            <svg
              class="arco-icon arco-icon-user "
              height="1em"
              viewBox="0 0 1024 1024"
              width="1em"
              xmlns="http://www.w3.org/2000/svg"
            >
              <path
                d="M512 192a106.688 106.688 0 000 213.333A106.688 106.688 0 00512 192zM320 298.667a192 192 0 11384 0 192 192 0 01-384 0zM398.293 640C320.64 640 256 703.936 256 785.067v68.266h512v-68.266C768 703.936 703.36 640 625.707 640H398.293zM170.667 785.067c0-127.254 101.973-230.4 227.626-230.4h227.414c125.653 0 227.626 103.146 227.626 230.4v115.2c0 21.205-17.066 38.4-37.973 38.4H208.64c-20.907 0-37.973-17.195-37.973-38.4v-115.2z"
                fill="currentColor"
              />
            </svg>
          </div>
        </div>
        <div
          class="arco-tab-bar-item-title"
        >
          Mine
        </div>
      </div>
      <div
        class="arco-tab-bar-item"
      >
        <div
          class="arco-extra-wrap"
        >
          <div
            class="arco-tab-bar-item-icon"
          >
            <svg
              class="arco-icon arco-icon-notice "
              fill="currentColor"
              height="1em"
              viewBox="0 0 1024 1024"
              width="1em"
              xmlns="http://www.w3.org/2000/svg"
            >
              <defs />
              <path
                d="M618.667 853.333A21.333 21.333 0 01640 874.667v42.666a21.333 21.333 0 01-21.333 21.334H405.333A21.333 21.333 0 01384 917.333v-42.666a21.333 21.333 0 0121.333-21.334h213.334zM576 64a21.333 21.333 0 0121.333 21.333v32.427c147.222 39.125 256 177.067 256 341.248V704h64a21.333 21.333 0 0121.334 21.333V768a21.333 21.333 0 01-21.334 21.333H106.667A21.333 21.333 0 0185.333 768v-42.667A21.333 21.333 0 01106.667 704h64V459.008c0-164.181 108.8-302.123 256-341.248V85.333A21.333 21.333 0 01448 64h128zm-64 128c-141.376 0-256 119.595-256 267.136V704h512V459.136C768 311.595 653.376 192 512 192z"
              />
            </svg>
          </div>
        </div>
        <div
          class="arco-tab-bar-item-title"
        >
          Notice
        </div>
      </div>
      <div
        class="arco-tab-bar-item"
      >
        <div
          class="arco-extra-wrap"
        >
          <div
            class="arco-tab-bar-item-icon"
          >
            <svg
              class="arco-icon arco-icon-setting "
              fill="currentColor"
              height="1em"
              viewBox="0 0 1024 1024"
              width="1em"
              xmlns="http://www.w3.org/2000/svg"
            >
              <defs />
              <path
                d="M512 46.55c34.517 0 68.565 3.797 101.696 11.263l19.136 4.288L692.48 198.08l146.837-16.043 13.27 14.443a465.493 465.493 0 01101.802 176.939l5.76 18.602-11.456 15.723L872.747 512l87.402 119.979-5.76 18.602A465.493 465.493 0 01852.587 827.52l-13.27 14.443L692.48 825.92l-59.648 135.979-19.136 4.288c-33.13 7.466-67.2 11.264-101.696 11.264-34.517 0-68.587-3.798-101.717-11.264l-19.136-4.31-7.894-17.941L331.52 825.92l-146.837 16.043-13.27-14.443A465.493 465.493 0 0169.611 650.56l-5.76-18.603 11.456-15.722L151.253 512 63.851 392.043l5.76-18.603a465.493 465.493 0 01101.802-176.96l13.27-14.443L331.52 198.08l59.627-135.957 19.136-4.31c33.13-7.466 67.2-11.264 101.717-11.264zm0 77.567a387.58 387.58 0 00-65.792 5.611L398.421 238.72a63.488 63.488 0 01-65.066 37.61l-117.483-12.863a387.947 387.947 0 00-66.048 114.837l70.165 96.32c16.214 22.272 16.214 52.48 0 74.752l-70.186 96.32a387.947 387.947 0 0066.069 114.837l117.504-12.864a63.488 63.488 0 0165.045 37.632l47.787 108.971a387.393 387.393 0 0065.792 5.61 387.33 387.33 0 0065.77-5.61L625.58 785.28a63.488 63.488 0 0165.066-37.61l117.483 12.863a387.947 387.947 0 0066.048-114.816l-70.165-96.341a63.488 63.488 0 010-74.752l70.165-96.341a387.947 387.947 0 00-66.048-114.816L690.624 276.33a63.488 63.488 0 01-65.045-37.611l-47.787-108.992a386.325 386.325 0 00-65.792-5.61zm0 193.942c106.752 0 193.195 86.869 193.195 193.941S618.752 705.92 512 705.92 318.805 619.093 318.805 512 405.248 318.08 512 318.08zm0 77.568c-63.808 0-115.627 52.053-115.627 116.373 0 64.299 51.819 116.373 115.627 116.373S627.627 576.32 627.627 512c0-64.299-51.819-116.373-115.627-116.373z"
              />
            </svg>
          </div>
        </div>
        <div
          class="arco-tab-bar-item-title"
        >
          Settings
        </div>
      </div>
    </div>
    <div
      class="tab-bar-notify-content"
    >
      <div
        class="arco-toast all-border-box"
      />
    </div>
  </div>
</DocumentFragment>
`;

exports[`tab-bar demo test tab-bar demo: controlled.md renders correctly 1`] = `
<DocumentFragment>
  <div
    class="arco-tab-bar"
  >
    <div
      class="arco-tab-bar-item arco-tab-bar-item-active"
    >
      <div
        class="arco-extra-wrap"
      >
        <div
          class="arco-tab-bar-item-icon"
        >
          <svg
            class="arco-icon arco-icon-home "
            height="1em"
            viewBox="0 0 1024 1024"
            width="1em"
            xmlns="http://www.w3.org/2000/svg"
          >
            <path
              d="M128 938.667A42.667 42.667 0 0185.333 896V384a42.667 42.667 0 0118.987-35.477l383.21-256a42.667 42.667 0 0147.34-.043l384.767 256a42.667 42.667 0 0119.03 35.52v512A42.667 42.667 0 01896 938.667H128zm341.333-21.334a21.333 21.333 0 01-20.97 21.334l127.274-.022-2.133-.128a21.333 21.333 0 01-18.837-21.184v-64h-85.334v64zm0-64.021l-21.333.021h21.333v-.021zm106.667.021l-21.333-.021v.021H576zm-64.725-674.048l-340.608 227.52v446.528H384v-256a42.667 42.667 0 0142.667-42.666h170.666A42.667 42.667 0 01640 597.333v256h213.333V406.87L511.275 179.285zM554.667 640h-85.334v213.312h85.334V640z"
              fill="currentColor"
            />
          </svg>
        </div>
      </div>
      <div
        class="arco-tab-bar-item-title"
      >
        Home
      </div>
    </div>
    <div
      class="arco-tab-bar-item"
    >
      <div
        class="arco-extra-wrap"
      >
        <div
          class="arco-tab-bar-item-icon"
        >
          <svg
            class="arco-icon arco-icon-user "
            height="1em"
            viewBox="0 0 1024 1024"
            width="1em"
            xmlns="http://www.w3.org/2000/svg"
          >
            <path
              d="M512 192a106.688 106.688 0 000 213.333A106.688 106.688 0 00512 192zM320 298.667a192 192 0 11384 0 192 192 0 01-384 0zM398.293 640C320.64 640 256 703.936 256 785.067v68.266h512v-68.266C768 703.936 703.36 640 625.707 640H398.293zM170.667 785.067c0-127.254 101.973-230.4 227.626-230.4h227.414c125.653 0 227.626 103.146 227.626 230.4v115.2c0 21.205-17.066 38.4-37.973 38.4H208.64c-20.907 0-37.973-17.195-37.973-38.4v-115.2z"
              fill="currentColor"
            />
          </svg>
        </div>
      </div>
      <div
        class="arco-tab-bar-item-title"
      >
        Mine
      </div>
    </div>
    <div
      class="arco-tab-bar-item"
    >
      <div
        class="arco-extra-wrap"
      >
        <div
          class="arco-tab-bar-item-icon"
        >
          <svg
            class="arco-icon arco-icon-notice "
            fill="currentColor"
            height="1em"
            viewBox="0 0 1024 1024"
            width="1em"
            xmlns="http://www.w3.org/2000/svg"
          >
            <defs />
            <path
              d="M618.667 853.333A21.333 21.333 0 01640 874.667v42.666a21.333 21.333 0 01-21.333 21.334H405.333A21.333 21.333 0 01384 917.333v-42.666a21.333 21.333 0 0121.333-21.334h213.334zM576 64a21.333 21.333 0 0121.333 21.333v32.427c147.222 39.125 256 177.067 256 341.248V704h64a21.333 21.333 0 0121.334 21.333V768a21.333 21.333 0 01-21.334 21.333H106.667A21.333 21.333 0 0185.333 768v-42.667A21.333 21.333 0 01106.667 704h64V459.008c0-164.181 108.8-302.123 256-341.248V85.333A21.333 21.333 0 01448 64h128zm-64 128c-141.376 0-256 119.595-256 267.136V704h512V459.136C768 311.595 653.376 192 512 192z"
            />
          </svg>
        </div>
      </div>
      <div
        class="arco-tab-bar-item-title"
      >
        Notice
      </div>
    </div>
    <div
      class="arco-tab-bar-item"
    >
      <div
        class="arco-extra-wrap"
      >
        <div
          class="arco-tab-bar-item-icon"
        >
          <svg
            class="arco-icon arco-icon-setting "
            fill="currentColor"
            height="1em"
            viewBox="0 0 1024 1024"
            width="1em"
            xmlns="http://www.w3.org/2000/svg"
          >
            <defs />
            <path
              d="M512 46.55c34.517 0 68.565 3.797 101.696 11.263l19.136 4.288L692.48 198.08l146.837-16.043 13.27 14.443a465.493 465.493 0 01101.802 176.939l5.76 18.602-11.456 15.723L872.747 512l87.402 119.979-5.76 18.602A465.493 465.493 0 01852.587 827.52l-13.27 14.443L692.48 825.92l-59.648 135.979-19.136 4.288c-33.13 7.466-67.2 11.264-101.696 11.264-34.517 0-68.587-3.798-101.717-11.264l-19.136-4.31-7.894-17.941L331.52 825.92l-146.837 16.043-13.27-14.443A465.493 465.493 0 0169.611 650.56l-5.76-18.603 11.456-15.722L151.253 512 63.851 392.043l5.76-18.603a465.493 465.493 0 01101.802-176.96l13.27-14.443L331.52 198.08l59.627-135.957 19.136-4.31c33.13-7.466 67.2-11.264 101.717-11.264zm0 77.567a387.58 387.58 0 00-65.792 5.611L398.421 238.72a63.488 63.488 0 01-65.066 37.61l-117.483-12.863a387.947 387.947 0 00-66.048 114.837l70.165 96.32c16.214 22.272 16.214 52.48 0 74.752l-70.186 96.32a387.947 387.947 0 0066.069 114.837l117.504-12.864a63.488 63.488 0 0165.045 37.632l47.787 108.971a387.393 387.393 0 0065.792 5.61 387.33 387.33 0 0065.77-5.61L625.58 785.28a63.488 63.488 0 0165.066-37.61l117.483 12.863a387.947 387.947 0 0066.048-114.816l-70.165-96.341a63.488 63.488 0 010-74.752l70.165-96.341a387.947 387.947 0 00-66.048-114.816L690.624 276.33a63.488 63.488 0 01-65.045-37.611l-47.787-108.992a386.325 386.325 0 00-65.792-5.61zm0 193.942c106.752 0 193.195 86.869 193.195 193.941S618.752 705.92 512 705.92 318.805 619.093 318.805 512 405.248 318.08 512 318.08zm0 77.568c-63.808 0-115.627 52.053-115.627 116.373 0 64.299 51.819 116.373 115.627 116.373S627.627 576.32 627.627 512c0-64.299-51.819-116.373-115.627-116.373z"
            />
          </svg>
        </div>
      </div>
      <div
        class="arco-tab-bar-item-title"
      >
        Settings
      </div>
    </div>
  </div>
</DocumentFragment>
`;

exports[`tab-bar demo test tab-bar demo: custom.md renders correctly 1`] = `
<DocumentFragment>
  <div
    class="arco-tab-bar"
  >
    <div
      class="arco-tab-bar-item arco-tab-bar-item-active"
      style="color: rgb(255, 87, 34);"
    >
      <div
        class="arco-extra-wrap"
      >
        <div
          class="arco-tab-bar-item-icon"
        >
          <svg
            class="arco-icon arco-icon-home "
            height="1em"
            viewBox="0 0 1024 1024"
            width="1em"
            xmlns="http://www.w3.org/2000/svg"
          >
            <path
              d="M128 938.667A42.667 42.667 0 0185.333 896V384a42.667 42.667 0 0118.987-35.477l383.21-256a42.667 42.667 0 0147.34-.043l384.767 256a42.667 42.667 0 0119.03 35.52v512A42.667 42.667 0 01896 938.667H128zm341.333-21.334a21.333 21.333 0 01-20.97 21.334l127.274-.022-2.133-.128a21.333 21.333 0 01-18.837-21.184v-64h-85.334v64zm0-64.021l-21.333.021h21.333v-.021zm106.667.021l-21.333-.021v.021H576zm-64.725-674.048l-340.608 227.52v446.528H384v-256a42.667 42.667 0 0142.667-42.666h170.666A42.667 42.667 0 01640 597.333v256h213.333V406.87L511.275 179.285zM554.667 640h-85.334v213.312h85.334V640z"
              fill="currentColor"
            />
          </svg>
        </div>
      </div>
      <div
        class="arco-tab-bar-item-title"
      >
        Home
      </div>
    </div>
    <div
      class="arco-tab-bar-item"
    >
      <div
        class="arco-extra-wrap"
      >
        <div
          class="arco-tab-bar-item-icon"
        >
          <svg
            class="arco-icon arco-icon-star "
            height="1em"
            viewBox="0 0 1024 1024"
            width="1em"
            xmlns="http://www.w3.org/2000/svg"
          >
            <path
              d="M268.437 941.29a35.563 35.563 0 01-50.773-35.733l25.899-248.49a35.563 35.563 0 00-8.896-27.456L66.176 442.155a35.563 35.563 0 0119.008-58.539l246.507-52.608a35.563 35.563 0 0023.36-16.96L481.237 95.872a35.563 35.563 0 0161.568 0l126.187 218.176a35.525 35.525 0 0023.36 16.96l246.507 52.608a35.563 35.563 0 0119.008 58.539L789.376 629.61a35.533 35.533 0 00-8.917 27.456l25.898 248.49a35.563 35.563 0 01-50.773 35.734l-228.16-109.739a35.563 35.563 0 00-30.805 0l-228.16 109.739zm191.147-186.645a120.896 120.896 0 01104.81 0l147.84 71.104-16.682-159.829a120.896 120.896 0 0130.336-93.355L836.864 449.11l-162.347-34.645a120.896 120.896 0 01-79.402-57.685L512 213.099l-83.115 143.68a120.896 120.896 0 01-79.402 57.685l-162.347 34.645 110.976 123.456a120.896 120.896 0 0130.336 93.355l-16.683 159.83 147.84-71.105z"
              fill="currentColor"
            />
          </svg>
        </div>
      </div>
      <div
        class="arco-tab-bar-item-title"
      >
        Mine
      </div>
    </div>
    <div
      class="arco-tab-bar-item"
    >
      <div
        class="arco-tab-bar-item-children"
      >
        <img
          src="https://sf1-cdn-tos.toutiaostatic.com/obj/arco-mobile/_static_/tabbar-demo-img.png"
          style="width: 48px; height: 40px;"
        />
      </div>
    </div>
    <div
      class="arco-tab-bar-item"
    >
      <div
        class="arco-extra-wrap"
      >
        <div
          class="arco-tab-bar-item-icon"
        >
          <svg
            class="arco-icon arco-icon-notice "
            fill="currentColor"
            height="1em"
            viewBox="0 0 1024 1024"
            width="1em"
            xmlns="http://www.w3.org/2000/svg"
          >
            <defs />
            <path
              d="M618.667 853.333A21.333 21.333 0 01640 874.667v42.666a21.333 21.333 0 01-21.333 21.334H405.333A21.333 21.333 0 01384 917.333v-42.666a21.333 21.333 0 0121.333-21.334h213.334zM576 64a21.333 21.333 0 0121.333 21.333v32.427c147.222 39.125 256 177.067 256 341.248V704h64a21.333 21.333 0 0121.334 21.333V768a21.333 21.333 0 01-21.334 21.333H106.667A21.333 21.333 0 0185.333 768v-42.667A21.333 21.333 0 01106.667 704h64V459.008c0-164.181 108.8-302.123 256-341.248V85.333A21.333 21.333 0 01448 64h128zm-64 128c-141.376 0-256 119.595-256 267.136V704h512V459.136C768 311.595 653.376 192 512 192z"
            />
          </svg>
        </div>
      </div>
      <div
        class="arco-tab-bar-item-title"
      >
        My Notice
      </div>
    </div>
    <div
      class="arco-tab-bar-item"
    >
      <div
        class="arco-extra-wrap"
      >
        <div
          class="arco-tab-bar-item-icon"
        >
          <svg
            class="arco-icon arco-icon-setting "
            fill="currentColor"
            height="1em"
            viewBox="0 0 1024 1024"
            width="1em"
            xmlns="http://www.w3.org/2000/svg"
          >
            <defs />
            <path
              d="M512 46.55c34.517 0 68.565 3.797 101.696 11.263l19.136 4.288L692.48 198.08l146.837-16.043 13.27 14.443a465.493 465.493 0 01101.802 176.939l5.76 18.602-11.456 15.723L872.747 512l87.402 119.979-5.76 18.602A465.493 465.493 0 01852.587 827.52l-13.27 14.443L692.48 825.92l-59.648 135.979-19.136 4.288c-33.13 7.466-67.2 11.264-101.696 11.264-34.517 0-68.587-3.798-101.717-11.264l-19.136-4.31-7.894-17.941L331.52 825.92l-146.837 16.043-13.27-14.443A465.493 465.493 0 0169.611 650.56l-5.76-18.603 11.456-15.722L151.253 512 63.851 392.043l5.76-18.603a465.493 465.493 0 01101.802-176.96l13.27-14.443L331.52 198.08l59.627-135.957 19.136-4.31c33.13-7.466 67.2-11.264 101.717-11.264zm0 77.567a387.58 387.58 0 00-65.792 5.611L398.421 238.72a63.488 63.488 0 01-65.066 37.61l-117.483-12.863a387.947 387.947 0 00-66.048 114.837l70.165 96.32c16.214 22.272 16.214 52.48 0 74.752l-70.186 96.32a387.947 387.947 0 0066.069 114.837l117.504-12.864a63.488 63.488 0 0165.045 37.632l47.787 108.971a387.393 387.393 0 0065.792 5.61 387.33 387.33 0 0065.77-5.61L625.58 785.28a63.488 63.488 0 0165.066-37.61l117.483 12.863a387.947 387.947 0 0066.048-114.816l-70.165-96.341a63.488 63.488 0 010-74.752l70.165-96.341a387.947 387.947 0 00-66.048-114.816L690.624 276.33a63.488 63.488 0 01-65.045-37.611l-47.787-108.992a386.325 386.325 0 00-65.792-5.61zm0 193.942c106.752 0 193.195 86.869 193.195 193.941S618.752 705.92 512 705.92 318.805 619.093 318.805 512 405.248 318.08 512 318.08zm0 77.568c-63.808 0-115.627 52.053-115.627 116.373 0 64.299 51.819 116.373 115.627 116.373S627.627 576.32 627.627 512c0-64.299-51.819-116.373-115.627-116.373z"
            />
          </svg>
        </div>
      </div>
      <div
        class="arco-tab-bar-item-title"
      >
        Settings
      </div>
    </div>
  </div>
</DocumentFragment>
`;

exports[`tab-bar demo test tab-bar demo: extra.md renders correctly 1`] = `
<DocumentFragment>
  <div
    class="arco-tab-bar"
  >
    <div
      class="arco-tab-bar-item arco-tab-bar-item-active"
    >
      <div
        class="arco-extra-wrap"
      >
        <div
          class="arco-tab-bar-item-icon"
        >
          <svg
            class="arco-icon arco-icon-home "
            height="1em"
            viewBox="0 0 1024 1024"
            width="1em"
            xmlns="http://www.w3.org/2000/svg"
          >
            <path
              d="M128 938.667A42.667 42.667 0 0185.333 896V384a42.667 42.667 0 0118.987-35.477l383.21-256a42.667 42.667 0 0147.34-.043l384.767 256a42.667 42.667 0 0119.03 35.52v512A42.667 42.667 0 01896 938.667H128zm341.333-21.334a21.333 21.333 0 01-20.97 21.334l127.274-.022-2.133-.128a21.333 21.333 0 01-18.837-21.184v-64h-85.334v64zm0-64.021l-21.333.021h21.333v-.021zm106.667.021l-21.333-.021v.021H576zm-64.725-674.048l-340.608 227.52v446.528H384v-256a42.667 42.667 0 0142.667-42.666h170.666A42.667 42.667 0 01640 597.333v256h213.333V406.87L511.275 179.285zM554.667 640h-85.334v213.312h85.334V640z"
              fill="currentColor"
            />
          </svg>
        </div>
      </div>
      <div
        class="arco-tab-bar-item-title"
      >
        Home
      </div>
    </div>
    <div
      class="arco-tab-bar-item"
    >
      <div
        class="arco-extra-wrap"
      >
        <div
          class="arco-tab-bar-item-icon"
        >
          <svg
            class="arco-icon arco-icon-user "
            height="1em"
            viewBox="0 0 1024 1024"
            width="1em"
            xmlns="http://www.w3.org/2000/svg"
          >
            <path
              d="M512 192a106.688 106.688 0 000 213.333A106.688 106.688 0 00512 192zM320 298.667a192 192 0 11384 0 192 192 0 01-384 0zM398.293 640C320.64 640 256 703.936 256 785.067v68.266h512v-68.266C768 703.936 703.36 640 625.707 640H398.293zM170.667 785.067c0-127.254 101.973-230.4 227.626-230.4h227.414c125.653 0 227.626 103.146 227.626 230.4v115.2c0 21.205-17.066 38.4-37.973 38.4H208.64c-20.907 0-37.973-17.195-37.973-38.4v-115.2z"
              fill="currentColor"
            />
          </svg>
        </div>
        <div
          class="arco-badge tab-bar-badge arco-badge-absolute absolute"
        >
          <span
            class="arco-badge-text badge-text"
          >
            99+
          </span>
        </div>
      </div>
      <div
        class="arco-tab-bar-item-title"
      >
        Mine
      </div>
    </div>
    <div
      class="arco-tab-bar-item"
    >
      <div
        class="arco-extra-wrap"
      >
        <div
          class="arco-tab-bar-item-icon"
        >
          <svg
            class="arco-icon arco-icon-notice "
            fill="currentColor"
            height="1em"
            viewBox="0 0 1024 1024"
            width="1em"
            xmlns="http://www.w3.org/2000/svg"
          >
            <defs />
            <path
              d="M618.667 853.333A21.333 21.333 0 01640 874.667v42.666a21.333 21.333 0 01-21.333 21.334H405.333A21.333 21.333 0 01384 917.333v-42.666a21.333 21.333 0 0121.333-21.334h213.334zM576 64a21.333 21.333 0 0121.333 21.333v32.427c147.222 39.125 256 177.067 256 341.248V704h64a21.333 21.333 0 0121.334 21.333V768a21.333 21.333 0 01-21.334 21.333H106.667A21.333 21.333 0 0185.333 768v-42.667A21.333 21.333 0 01106.667 704h64V459.008c0-164.181 108.8-302.123 256-341.248V85.333A21.333 21.333 0 01448 64h128zm-64 128c-141.376 0-256 119.595-256 267.136V704h512V459.136C768 311.595 653.376 192 512 192z"
            />
          </svg>
        </div>
        <div
          class="arco-badge tab-bar-badge arco-badge-absolute absolute"
        >
          <span
            class="arco-badge-text badge-text"
          >
            2
          </span>
        </div>
      </div>
      <div
        class="arco-tab-bar-item-title"
      >
        Notice
      </div>
    </div>
    <div
      class="arco-tab-bar-item"
    >
      <div
        class="arco-extra-wrap"
      >
        <div
          class="arco-tab-bar-item-icon"
        >
          <svg
            class="arco-icon arco-icon-setting "
            fill="currentColor"
            height="1em"
            viewBox="0 0 1024 1024"
            width="1em"
            xmlns="http://www.w3.org/2000/svg"
          >
            <defs />
            <path
              d="M512 46.55c34.517 0 68.565 3.797 101.696 11.263l19.136 4.288L692.48 198.08l146.837-16.043 13.27 14.443a465.493 465.493 0 01101.802 176.939l5.76 18.602-11.456 15.723L872.747 512l87.402 119.979-5.76 18.602A465.493 465.493 0 01852.587 827.52l-13.27 14.443L692.48 825.92l-59.648 135.979-19.136 4.288c-33.13 7.466-67.2 11.264-101.696 11.264-34.517 0-68.587-3.798-101.717-11.264l-19.136-4.31-7.894-17.941L331.52 825.92l-146.837 16.043-13.27-14.443A465.493 465.493 0 0169.611 650.56l-5.76-18.603 11.456-15.722L151.253 512 63.851 392.043l5.76-18.603a465.493 465.493 0 01101.802-176.96l13.27-14.443L331.52 198.08l59.627-135.957 19.136-4.31c33.13-7.466 67.2-11.264 101.717-11.264zm0 77.567a387.58 387.58 0 00-65.792 5.611L398.421 238.72a63.488 63.488 0 01-65.066 37.61l-117.483-12.863a387.947 387.947 0 00-66.048 114.837l70.165 96.32c16.214 22.272 16.214 52.48 0 74.752l-70.186 96.32a387.947 387.947 0 0066.069 114.837l117.504-12.864a63.488 63.488 0 0165.045 37.632l47.787 108.971a387.393 387.393 0 0065.792 5.61 387.33 387.33 0 0065.77-5.61L625.58 785.28a63.488 63.488 0 0165.066-37.61l117.483 12.863a387.947 387.947 0 0066.048-114.816l-70.165-96.341a63.488 63.488 0 010-74.752l70.165-96.341a387.947 387.947 0 00-66.048-114.816L690.624 276.33a63.488 63.488 0 01-65.045-37.611l-47.787-108.992a386.325 386.325 0 00-65.792-5.61zm0 193.942c106.752 0 193.195 86.869 193.195 193.941S618.752 705.92 512 705.92 318.805 619.093 318.805 512 405.248 318.08 512 318.08zm0 77.568c-63.808 0-115.627 52.053-115.627 116.373 0 64.299 51.819 116.373 115.627 116.373S627.627 576.32 627.627 512c0-64.299-51.819-116.373-115.627-116.373z"
            />
          </svg>
        </div>
        <div
          class="arco-badge tab-bar-badge arco-badge-dot dot arco-badge-absolute absolute"
        />
      </div>
      <div
        class="arco-tab-bar-item-title"
      >
        Settings
      </div>
    </div>
  </div>
</DocumentFragment>
`;

exports[`tab-bar demo test tab-bar demo: icon.md renders correctly 1`] = `
<DocumentFragment>
  <div
    class="arco-tab-bar"
  >
    <div
      class="arco-tab-bar-item arco-tab-bar-item-active"
    >
      <div
        class="arco-extra-wrap"
      >
        <div
          class="arco-tab-bar-item-icon"
        >
          <svg
            class="arco-icon arco-icon-home "
            height="1em"
            viewBox="0 0 1024 1024"
            width="1em"
            xmlns="http://www.w3.org/2000/svg"
          >
            <path
              d="M128 938.667A42.667 42.667 0 0185.333 896V384a42.667 42.667 0 0118.987-35.477l383.21-256a42.667 42.667 0 0147.34-.043l384.767 256a42.667 42.667 0 0119.03 35.52v512A42.667 42.667 0 01896 938.667H128zm341.333-21.334a21.333 21.333 0 01-20.97 21.334l127.274-.022-2.133-.128a21.333 21.333 0 01-18.837-21.184v-64h-85.334v64zm0-64.021l-21.333.021h21.333v-.021zm106.667.021l-21.333-.021v.021H576zm-64.725-674.048l-340.608 227.52v446.528H384v-256a42.667 42.667 0 0142.667-42.666h170.666A42.667 42.667 0 01640 597.333v256h213.333V406.87L511.275 179.285zM554.667 640h-85.334v213.312h85.334V640z"
              fill="currentColor"
            />
          </svg>
        </div>
      </div>
    </div>
    <div
      class="arco-tab-bar-item"
    >
      <div
        class="arco-extra-wrap"
      >
        <div
          class="arco-tab-bar-item-icon"
        >
          <svg
            class="arco-icon arco-icon-user "
            height="1em"
            viewBox="0 0 1024 1024"
            width="1em"
            xmlns="http://www.w3.org/2000/svg"
          >
            <path
              d="M512 192a106.688 106.688 0 000 213.333A106.688 106.688 0 00512 192zM320 298.667a192 192 0 11384 0 192 192 0 01-384 0zM398.293 640C320.64 640 256 703.936 256 785.067v68.266h512v-68.266C768 703.936 703.36 640 625.707 640H398.293zM170.667 785.067c0-127.254 101.973-230.4 227.626-230.4h227.414c125.653 0 227.626 103.146 227.626 230.4v115.2c0 21.205-17.066 38.4-37.973 38.4H208.64c-20.907 0-37.973-17.195-37.973-38.4v-115.2z"
              fill="currentColor"
            />
          </svg>
        </div>
      </div>
    </div>
    <div
      class="arco-tab-bar-item"
    >
      <div
        class="arco-extra-wrap"
      >
        <div
          class="arco-tab-bar-item-icon"
        >
          <svg
            class="arco-icon arco-icon-notice "
            fill="currentColor"
            height="1em"
            viewBox="0 0 1024 1024"
            width="1em"
            xmlns="http://www.w3.org/2000/svg"
          >
            <defs />
            <path
              d="M618.667 853.333A21.333 21.333 0 01640 874.667v42.666a21.333 21.333 0 01-21.333 21.334H405.333A21.333 21.333 0 01384 917.333v-42.666a21.333 21.333 0 0121.333-21.334h213.334zM576 64a21.333 21.333 0 0121.333 21.333v32.427c147.222 39.125 256 177.067 256 341.248V704h64a21.333 21.333 0 0121.334 21.333V768a21.333 21.333 0 01-21.334 21.333H106.667A21.333 21.333 0 0185.333 768v-42.667A21.333 21.333 0 01106.667 704h64V459.008c0-164.181 108.8-302.123 256-341.248V85.333A21.333 21.333 0 01448 64h128zm-64 128c-141.376 0-256 119.595-256 267.136V704h512V459.136C768 311.595 653.376 192 512 192z"
            />
          </svg>
        </div>
      </div>
    </div>
    <div
      class="arco-tab-bar-item"
    >
      <div
        class="arco-extra-wrap"
      >
        <div
          class="arco-tab-bar-item-icon"
        >
          <svg
            class="arco-icon arco-icon-setting "
            fill="currentColor"
            height="1em"
            viewBox="0 0 1024 1024"
            width="1em"
            xmlns="http://www.w3.org/2000/svg"
          >
            <defs />
            <path
              d="M512 46.55c34.517 0 68.565 3.797 101.696 11.263l19.136 4.288L692.48 198.08l146.837-16.043 13.27 14.443a465.493 465.493 0 01101.802 176.939l5.76 18.602-11.456 15.723L872.747 512l87.402 119.979-5.76 18.602A465.493 465.493 0 01852.587 827.52l-13.27 14.443L692.48 825.92l-59.648 135.979-19.136 4.288c-33.13 7.466-67.2 11.264-101.696 11.264-34.517 0-68.587-3.798-101.717-11.264l-19.136-4.31-7.894-17.941L331.52 825.92l-146.837 16.043-13.27-14.443A465.493 465.493 0 0169.611 650.56l-5.76-18.603 11.456-15.722L151.253 512 63.851 392.043l5.76-18.603a465.493 465.493 0 01101.802-176.96l13.27-14.443L331.52 198.08l59.627-135.957 19.136-4.31c33.13-7.466 67.2-11.264 101.717-11.264zm0 77.567a387.58 387.58 0 00-65.792 5.611L398.421 238.72a63.488 63.488 0 01-65.066 37.61l-117.483-12.863a387.947 387.947 0 00-66.048 114.837l70.165 96.32c16.214 22.272 16.214 52.48 0 74.752l-70.186 96.32a387.947 387.947 0 0066.069 114.837l117.504-12.864a63.488 63.488 0 0165.045 37.632l47.787 108.971a387.393 387.393 0 0065.792 5.61 387.33 387.33 0 0065.77-5.61L625.58 785.28a63.488 63.488 0 0165.066-37.61l117.483 12.863a387.947 387.947 0 0066.048-114.816l-70.165-96.341a63.488 63.488 0 010-74.752l70.165-96.341a387.947 387.947 0 00-66.048-114.816L690.624 276.33a63.488 63.488 0 01-65.045-37.611l-47.787-108.992a386.325 386.325 0 00-65.792-5.61zm0 193.942c106.752 0 193.195 86.869 193.195 193.941S618.752 705.92 512 705.92 318.805 619.093 318.805 512 405.248 318.08 512 318.08zm0 77.568c-63.808 0-115.627 52.053-115.627 116.373 0 64.299 51.819 116.373 115.627 116.373S627.627 576.32 627.627 512c0-64.299-51.819-116.373-115.627-116.373z"
            />
          </svg>
        </div>
      </div>
    </div>
  </div>
</DocumentFragment>
`;

exports[`tab-bar demo test tab-bar demo: title.md renders correctly 1`] = `
<DocumentFragment>
  <div
    class="arco-tab-bar"
  >
    <div
      class="arco-tab-bar-item arco-tab-bar-item-active"
    >
      <div
        class="arco-tab-bar-item-title arco-tab-bar-item-only-title"
      >
        Home
      </div>
    </div>
    <div
      class="arco-tab-bar-item"
    >
      <div
        class="arco-tab-bar-item-title arco-tab-bar-item-only-title"
      >
        Mine
      </div>
    </div>
    <div
      class="arco-tab-bar-item"
    >
      <div
        class="arco-tab-bar-item-title arco-tab-bar-item-only-title"
      >
        Notice
      </div>
    </div>
    <div
      class="arco-tab-bar-item"
    >
      <div
        class="arco-tab-bar-item-title arco-tab-bar-item-only-title"
      >
        Settings
      </div>
    </div>
  </div>
</DocumentFragment>
`;
